ㅁEKS를 CentOS 9버전에서 설치 및 실행(교재내용)
-CentOS 8버전의 취약점을 보완하기 위해 CentOS 9버전으로 새로 설치한 마스터 노드에서 EKS를 설치 및 실행 (xshell에서 ssh 접속 213.0.113.129)
-hostname 설정
-yum update 및 dnf update 후 epel설치, aws-cli 설치
-pip3 install --upgrade 및 pip3 install 'docutils<0.17' 등의 python 모듈 설치
-root 계정이 아닌 사용자 생성(sdr)후 sdr@master aws 디렉토리에서 진행(awscli가 dnf와 pip3충돌로 인해 root로는 설치가 되지 않음)
-교재 있는 대로 kubectl get svc까지 하니 centos8버전에서 실행이 되지 않던 겟 서비스도 9버전에서는 되는 것을 확인하였다.
(기존에 만든 EKS 클러스트라서 펜딩이 아닌 러닝 상태인 것을 확인하였다)
-wget https://raw.githubusercontent.com/ahmetb/kubectx/master/kubens
-chmod +x kubens
-sudo cp kubens /usr/ 명령어로 kubens 설치 및 권한 부여
-kubectl apply -f spring-music-디플로이,서비스의 yaml파일을 실행, 정상적으로 생성 확인
-하지만 kubectl get pods -o wide로 포드를 읽어보니 이미지를 불러들이지 못해 강사님에게 질문
-get events로 확인 해보니 dns문제인지 접속 권한 문제인지 yaml파일의 이미지를 불러오지 못함
-root 권한으로 aws를 실행을 못하지만, 사용자계정으로는 aws명령어가 실행이 되어, 디렉토리의 경로를
[sdr@master ~]$ which aws
/usr/local/bin/aws
[sdr@master ~]$ exit
logout
[root@master ~]# cp /usr/local/bin/aws /usr/bin/
[root@master ~]# which aws
/bin/aws
[root@master ~]# aws 로 변경했지만, cannot open shared object file: No such file or directory뜸, 다시 사용자 계정으로 aws명령어 실행
-kubectl run nginx --image=nginx로 nginx를 설치 후 pod 확인, 정상적으로 설치된 것을 확인
-nginx를 웹브라우저로 접속해보기 위해 kubectl expose pod nginx --port=80 --type=LoadBalancer로 nginx를 서비스 등록한 후
-get svc로 nginx의 EXTERNAL-IP를 확인 (a774e394feac74d2098bcca73df1bb88-802578448.ap-southeast-1.elb.amazonaws.com)
-웹브라우저에서 nginx의 index를 확인
-다시 확인해보니 yaml 파일의 이미지 경로가 잘못되어있어, 수정하고 접속하니 spring music를 웹브라우저로 확인할 수 있었다
